INFO:root:****************************************
INFO:root:Iniciando Scraping . . .
INFO:root:Esperando a que desaparezca el modal
INFO:root:El modal ha desaparecido
INFO:root:--------------------
INFO:root:Fila 1:
INFO:root:  Id_fiscalizable: DFZ-2014-78-XV-RCA-IA
INFO:root:  Clientes: ['AGROINDUSTRIAL ARICA']
INFO:root:  Unidad_fiscalizable: PLANTA FAENADORA DE AVES ARICA
INFO:root:  Ubicacion: https://snifa.sma.gob.cl/UnidadFiscalizable/Ficha/2593
INFO:root:URL actual de la página del documento: https://snifa.sma.gob.cl/Fiscalizacion/Ficha/1001005
INFO:root:Elemento encontrado con la palabra exacta: Informe de Fiscalización Ambiental
INFO:root:Elemento encontrado en la fila: 
INFO:root:Elemento encontrado previamente. URL del enlace: https://snifa.sma.gob.cl/General/Descargar/1104004526
INFO:root:Tiempo de espera agotado al intentar hacer clic en el enlace.
INFO:root:Tabla de búsqueda desplegada.
INFO:root:Elemento encontrado previamente. URL del enlace: https://snifa.sma.gob.cl/General/Descargar/1104004526
INFO:root:1- Añadiendo Cliente a BD
INFO:root:1- Añadiendo Unidad Fiscalizable a BD
INFO:root:Esperando a que desaparezca el modal
INFO:root:El modal ha desaparecido
INFO:root:--------------------
INFO:root:Fila 2:
INFO:root:  Id_fiscalizable: DFZ-2014-2297-V-RCA-IA
INFO:root:  Clientes: ['AGRICOLA ARIZTIA', 'AVICOLA ANDINA SPA']
INFO:root:  Unidad_fiscalizable: PLANTEL DE AVES DE LEYDA
INFO:root:  Ubicacion: https://snifa.sma.gob.cl/UnidadFiscalizable/Ficha/1840
INFO:root:URL actual de la página del documento: https://snifa.sma.gob.cl/Fiscalizacion/Ficha/1001101
INFO:root:Elemento encontrado con la palabra exacta: Informe de Fiscalización Ambiental
INFO:root:Elemento encontrado en la fila: 
INFO:root:Elemento encontrado previamente. URL del enlace: https://snifa.sma.gob.cl/General/Descargar/1104004786
INFO:root:Tiempo de espera agotado al intentar hacer clic en el enlace.
INFO:root:Tabla de búsqueda desplegada.
INFO:root:Elemento encontrado previamente. URL del enlace: https://snifa.sma.gob.cl/General/Descargar/1104004786
INFO:root:1- Añadiendo Cliente a BD
INFO:root:1- Añadiendo Unidad Fiscalizable a BD
INFO:root:Esperando a que desaparezca el modal
INFO:root:El modal ha desaparecido
INFO:root:--------------------
INFO:root:Fila 3:
INFO:root:  Id_fiscalizable: DFZ-2014-347-XIII-RCA-IA
INFO:root:  Clientes: ['AGRICOLA EL MONTE S.A.']
INFO:root:  Unidad_fiscalizable: CERDOS LAS MERCEDES - AGRICOLA EL MONTE S.A.
INFO:root:  Ubicacion: https://snifa.sma.gob.cl/UnidadFiscalizable/Ficha/4495
INFO:root:URL actual de la página del documento: https://snifa.sma.gob.cl/Fiscalizacion/Ficha/1001114
INFO:root:Elemento encontrado con la palabra exacta: Informe de Fiscalización Ambiental
INFO:root:Elemento encontrado en la fila: 
INFO:root:Elemento encontrado previamente. URL del enlace: https://snifa.sma.gob.cl/General/Descargar/1104004630
INFO:root:Tiempo de espera agotado al intentar hacer clic en el enlace.
INFO:root:Tabla de búsqueda desplegada.
INFO:root:Elemento encontrado previamente. URL del enlace: https://snifa.sma.gob.cl/General/Descargar/1104004630
INFO:root:1- Añadiendo Cliente a BD
INFO:root:1- Añadiendo Unidad Fiscalizable a BD
INFO:root:Esperando a que desaparezca el modal
INFO:root:El modal ha desaparecido
INFO:root:--------------------
INFO:root:Fila 4:
INFO:root:  Id_fiscalizable: DFZ-2014-179-XIII-RCA-IA
INFO:root:  Clientes: ['AGRICOLA SUPER LIMITADA']
INFO:root:  Unidad_fiscalizable: CERDOS LA MANGA - AGROSUPER
INFO:root:  Ubicacion: https://snifa.sma.gob.cl/UnidadFiscalizable/Ficha/4494
INFO:root:URL actual de la página del documento: https://snifa.sma.gob.cl/Fiscalizacion/Ficha/1001124
INFO:root:Elemento encontrado con la palabra exacta: Informe de Fiscalización Ambiental
INFO:root:Elemento encontrado en la fila: 
INFO:root:Elemento encontrado previamente. URL del enlace: https://snifa.sma.gob.cl/General/Descargar/1104005427
INFO:root:Tiempo de espera agotado al intentar hacer clic en el enlace.
INFO:root:Tabla de búsqueda desplegada.
INFO:root:Elemento encontrado previamente. URL del enlace: https://snifa.sma.gob.cl/General/Descargar/1104005427
INFO:root:1- Añadiendo Cliente a BD
INFO:root:1- Añadiendo Unidad Fiscalizable a BD
INFO:root:Esperando a que desaparezca el modal
INFO:root:El modal ha desaparecido
INFO:root:--------------------
INFO:root:Fila 5:
INFO:root:  Id_fiscalizable: DFZ-2014-245-VI-RCA-IA
INFO:root:  Clientes: ['AGRICOLA SUPER LIMITADA']
INFO:root:  Unidad_fiscalizable: AGROSUPER - CERDOS LA ESTRELLA
INFO:root:  Ubicacion: https://snifa.sma.gob.cl/UnidadFiscalizable/Ficha/2180
INFO:root:URL actual de la página del documento: https://snifa.sma.gob.cl/Fiscalizacion/Ficha/1001132
INFO:root:Elemento encontrado con la palabra exacta: Informe de Fiscalización Ambiental
INFO:root:Elemento encontrado en la fila: 
INFO:root:Elemento encontrado previamente. URL del enlace: https://snifa.sma.gob.cl/General/Descargar/1104006561
INFO:root:Tiempo de espera agotado al intentar hacer clic en el enlace.
INFO:root:Tabla de búsqueda desplegada.
INFO:root:Elemento encontrado previamente. URL del enlace: https://snifa.sma.gob.cl/General/Descargar/1104006561
INFO:root:1- Añadiendo Cliente a BD
INFO:root:1- Añadiendo Unidad Fiscalizable a BD
INFO:root:Esperando a que desaparezca el modal
INFO:root:El modal ha desaparecido
INFO:root:--------------------
INFO:root:Fila 6:
INFO:root:  Id_fiscalizable: DFZ-2014-2273-VI-RCA-IA
INFO:root:  Clientes: ['AGRICOLA SUPER LIMITADA', 'FAENADORA LO MIRANDA LTDA']
INFO:root:  Unidad_fiscalizable: AGROSUPER - PLANTA LO MIRANDA
INFO:root:  Ubicacion: https://snifa.sma.gob.cl/UnidadFiscalizable/Ficha/2061
INFO:root:URL actual de la página del documento: https://snifa.sma.gob.cl/Fiscalizacion/Ficha/1001137
INFO:root:Elemento encontrado con la palabra exacta: Informe de Fiscalización Ambiental
INFO:root:Elemento encontrado en la fila: 
INFO:root:Elemento encontrado previamente. URL del enlace: https://snifa.sma.gob.cl/General/Descargar/1104005015
INFO:root:La ventana del navegador fue cerrada inesperadamente.
INFO:root:Error inesperado al intentar desplegar la tabla de búsqueda: Message: no such window: target window already closed
from unknown error: web view not found
  (Session info: chrome=131.0.6778.70)
Stacktrace:
	GetHandleVerifier [0x00007FF64F926CB5+28821]
	(No symbol) [0x00007FF64F893840]
	(No symbol) [0x00007FF64F73578A]
	(No symbol) [0x00007FF64F70F4F5]
	(No symbol) [0x00007FF64F7B6247]
	(No symbol) [0x00007FF64F7CECE2]
	(No symbol) [0x00007FF64F7AF0A3]
	(No symbol) [0x00007FF64F77A778]
	(No symbol) [0x00007FF64F77B8E1]
	GetHandleVerifier [0x00007FF64FC5FCAD+3408013]
	GetHandleVerifier [0x00007FF64FC7741F+3504127]
	GetHandleVerifier [0x00007FF64FC6B5FD+3455453]
	GetHandleVerifier [0x00007FF64F9EBDBB+835995]
	(No symbol) [0x00007FF64F89EB5F]
	(No symbol) [0x00007FF64F89A814]
	(No symbol) [0x00007FF64F89A9AD]
	(No symbol) [0x00007FF64F88A199]
	BaseThreadInitThunk [0x00007FFEAFCB7374+20]
	RtlUserThreadStart [0x00007FFEB037CC91+33]

INFO:root:La ventana del navegador fue cerrada inesperadamente.
INFO:root:1- Añadiendo Cliente a BD
INFO:root:1- Añadiendo Unidad Fiscalizable a BD
INFO:root:Error al procesar la fila 6: Message: no such window: target window already closed
from unknown error: web view not found
  (Session info: chrome=131.0.6778.70)
Stacktrace:
	GetHandleVerifier [0x00007FF64F926CB5+28821]
	(No symbol) [0x00007FF64F893840]
	(No symbol) [0x00007FF64F73578A]
	(No symbol) [0x00007FF64F70F4F5]
	(No symbol) [0x00007FF64F7B6247]
	(No symbol) [0x00007FF64F7CECE2]
	(No symbol) [0x00007FF64F7AF0A3]
	(No symbol) [0x00007FF64F77A778]
	(No symbol) [0x00007FF64F77B8E1]
	GetHandleVerifier [0x00007FF64FC5FCAD+3408013]
	GetHandleVerifier [0x00007FF64FC7741F+3504127]
	GetHandleVerifier [0x00007FF64FC6B5FD+3455453]
	GetHandleVerifier [0x00007FF64F9EBDBB+835995]
	(No symbol) [0x00007FF64F89EB5F]
	(No symbol) [0x00007FF64F89A814]
	(No symbol) [0x00007FF64F89A9AD]
	(No symbol) [0x00007FF64F88A199]
	BaseThreadInitThunk [0x00007FFEAFCB7374+20]
	RtlUserThreadStart [0x00007FFEB037CC91+33]

INFO:root:La ventana del navegador fue cerrada manualmente.
INFO:root:Navegador cerrado exitosamente.
INFO:root:****************************************
INFO:root:Iniciando Scraping . . .
INFO:root:Esperando a que desaparezca el modal
INFO:root:El modal ha desaparecido
INFO:root:--------------------
INFO:root:Fila 1:
INFO:root:  Id_fiscalizable: DFZ-2014-78-XV-RCA-IA
INFO:root:  Clientes: ['AGROINDUSTRIAL ARICA']
INFO:root:  Unidad_fiscalizable: PLANTA FAENADORA DE AVES ARICA
INFO:root:  Ubicacion: https://snifa.sma.gob.cl/UnidadFiscalizable/Ficha/2593
INFO:root:URL actual de la página del documento: https://snifa.sma.gob.cl/Fiscalizacion/Ficha/1001005
INFO:root:Elemento encontrado con la palabra exacta: Informe de Fiscalización Ambiental
INFO:root:Elemento encontrado en la fila: 
INFO:root:Elemento encontrado previamente. URL del enlace: https://snifa.sma.gob.cl/General/Descargar/1104004526
INFO:root:Tiempo de espera agotado al intentar hacer clic en el enlace.
INFO:root:Tabla de búsqueda desplegada.
INFO:root:Elemento encontrado previamente. URL del enlace: https://snifa.sma.gob.cl/General/Descargar/1104004526
INFO:root:1- Añadiendo Cliente a BD
INFO:root:1- Añadiendo Unidad Fiscalizable a BD
INFO:root:URL DOCUMENTO: https://snifa.sma.gob.cl/Fiscalizacion/Ficha/1001005
INFO:root:Esperando a que desaparezca el modal
INFO:root:El modal ha desaparecido
INFO:root:--------------------
INFO:root:Fila 2:
INFO:root:  Id_fiscalizable: DFZ-2014-2297-V-RCA-IA
INFO:root:  Clientes: ['AGRICOLA ARIZTIA', 'AVICOLA ANDINA SPA']
INFO:root:  Unidad_fiscalizable: PLANTEL DE AVES DE LEYDA
INFO:root:  Ubicacion: https://snifa.sma.gob.cl/UnidadFiscalizable/Ficha/1840
INFO:root:URL actual de la página del documento: https://snifa.sma.gob.cl/Fiscalizacion/Ficha/1001101
INFO:root:Elemento encontrado con la palabra exacta: Informe de Fiscalización Ambiental
INFO:root:Elemento encontrado en la fila: 
INFO:root:Elemento encontrado previamente. URL del enlace: https://snifa.sma.gob.cl/General/Descargar/1104004786
INFO:root:La ventana del navegador fue cerrada inesperadamente.
INFO:root:Error inesperado al intentar desplegar la tabla de búsqueda: Message: no such window: target window already closed
from unknown error: web view not found
  (Session info: chrome=131.0.6778.70)
Stacktrace:
	GetHandleVerifier [0x00007FF6F3C86CB5+28821]
	(No symbol) [0x00007FF6F3BF3840]
	(No symbol) [0x00007FF6F3A9578A]
	(No symbol) [0x00007FF6F3A6F4F5]
	(No symbol) [0x00007FF6F3B16247]
	(No symbol) [0x00007FF6F3B2ECE2]
	(No symbol) [0x00007FF6F3B0F0A3]
	(No symbol) [0x00007FF6F3ADA778]
	(No symbol) [0x00007FF6F3ADB8E1]
	GetHandleVerifier [0x00007FF6F3FBFCAD+3408013]
	GetHandleVerifier [0x00007FF6F3FD741F+3504127]
	GetHandleVerifier [0x00007FF6F3FCB5FD+3455453]
	GetHandleVerifier [0x00007FF6F3D4BDBB+835995]
	(No symbol) [0x00007FF6F3BFEB5F]
	(No symbol) [0x00007FF6F3BFA814]
	(No symbol) [0x00007FF6F3BFA9AD]
	(No symbol) [0x00007FF6F3BEA199]
	BaseThreadInitThunk [0x00007FFEAFCB7374+20]
	RtlUserThreadStart [0x00007FFEB037CC91+33]

INFO:root:La ventana del navegador fue cerrada inesperadamente.
INFO:root:1- Añadiendo Cliente a BD
INFO:root:1- Añadiendo Unidad Fiscalizable a BD
INFO:root:URL DOCUMENTO: https://snifa.sma.gob.cl/Fiscalizacion/Ficha/1001101
INFO:root:Error al procesar la fila 2: Message: no such window: target window already closed
from unknown error: web view not found
  (Session info: chrome=131.0.6778.70)
Stacktrace:
	GetHandleVerifier [0x00007FF6F3C86CB5+28821]
	(No symbol) [0x00007FF6F3BF3840]
	(No symbol) [0x00007FF6F3A9578A]
	(No symbol) [0x00007FF6F3A6F4F5]
	(No symbol) [0x00007FF6F3B16247]
	(No symbol) [0x00007FF6F3B2ECE2]
	(No symbol) [0x00007FF6F3B0F0A3]
	(No symbol) [0x00007FF6F3ADA778]
	(No symbol) [0x00007FF6F3ADB8E1]
	GetHandleVerifier [0x00007FF6F3FBFCAD+3408013]
	GetHandleVerifier [0x00007FF6F3FD741F+3504127]
	GetHandleVerifier [0x00007FF6F3FCB5FD+3455453]
	GetHandleVerifier [0x00007FF6F3D4BDBB+835995]
	(No symbol) [0x00007FF6F3BFEB5F]
	(No symbol) [0x00007FF6F3BFA814]
	(No symbol) [0x00007FF6F3BFA9AD]
	(No symbol) [0x00007FF6F3BEA199]
	BaseThreadInitThunk [0x00007FFEAFCB7374+20]
	RtlUserThreadStart [0x00007FFEB037CC91+33]

INFO:root:La ventana del navegador fue cerrada manualmente.
INFO:root:Navegador cerrado exitosamente.
INFO:root:****************************************
INFO:root:Iniciando Scraping . . .
INFO:root:Esperando a que desaparezca el modal
INFO:root:El modal ha desaparecido
INFO:root:--------------------
INFO:root:Fila 1:
INFO:root:  Id_fiscalizable: DFZ-2014-78-XV-RCA-IA
INFO:root:  Clientes: ['AGROINDUSTRIAL ARICA']
INFO:root:  Unidad_fiscalizable: PLANTA FAENADORA DE AVES ARICA
INFO:root:  Ubicacion: https://snifa.sma.gob.cl/UnidadFiscalizable/Ficha/2593
INFO:root:URL actual de la página del documento: https://snifa.sma.gob.cl/Fiscalizacion/Ficha/1001005
INFO:root:Elemento encontrado con la palabra exacta: Informe de Fiscalización Ambiental
INFO:root:Elemento encontrado en la fila: 
INFO:root:Elemento encontrado previamente. URL del enlace: https://snifa.sma.gob.cl/General/Descargar/1104004526
INFO:root:Tiempo de espera agotado al intentar hacer clic en el enlace.
INFO:root:Tabla de búsqueda desplegada.
INFO:root:Elemento encontrado previamente. URL del enlace: https://snifa.sma.gob.cl/General/Descargar/1104004526
INFO:root:1- Añadiendo Cliente a BD
INFO:root:2- El usuario ha sido recibido
INFO:root:1- Añadiendo Unidad Fiscalizable a BD
INFO:root:2- La unidad fiscalizable ha sido añadida
INFO:root:--------------------------
INFO:root:Añadiendo Documento a BD
INFO:root:https://snifa.sma.gob.cl/Fiscalizacion/Ficha/1001005
INFO:root:PLANTA FAENADORA DE AVES ARICA
INFO:root:<selenium.webdriver.remote.webelement.WebElement (session="7c93b9926fe17f436c4749c8c169631b", element="f.CBAD4DC7F5CF98D9D630BF77469D94FC.d.9531600A324D899BCD473727AF2C42F4.e.11243")>
INFO:root:--------------------------
INFO:root:El documento ha sido añadido a la BD
INFO:root:Esperando a que desaparezca el modal
INFO:root:El modal ha desaparecido
INFO:root:--------------------
INFO:root:Fila 2:
INFO:root:  Id_fiscalizable: DFZ-2014-2297-V-RCA-IA
INFO:root:  Clientes: ['AGRICOLA ARIZTIA', 'AVICOLA ANDINA SPA']
INFO:root:  Unidad_fiscalizable: PLANTEL DE AVES DE LEYDA
INFO:root:  Ubicacion: https://snifa.sma.gob.cl/UnidadFiscalizable/Ficha/1840
INFO:root:URL actual de la página del documento: https://snifa.sma.gob.cl/Fiscalizacion/Ficha/1001101
INFO:root:Elemento encontrado con la palabra exacta: Informe de Fiscalización Ambiental
INFO:root:Elemento encontrado en la fila: 
INFO:root:Elemento encontrado previamente. URL del enlace: https://snifa.sma.gob.cl/General/Descargar/1104004786
INFO:root:La ventana del navegador fue cerrada inesperadamente.
INFO:root:Error inesperado al intentar desplegar la tabla de búsqueda: Message: no such window: target window already closed
from unknown error: web view not found
  (Session info: chrome=131.0.6778.70)
Stacktrace:
	GetHandleVerifier [0x00007FF6F3C86CB5+28821]
	(No symbol) [0x00007FF6F3BF3840]
	(No symbol) [0x00007FF6F3A9578A]
	(No symbol) [0x00007FF6F3A6F4F5]
	(No symbol) [0x00007FF6F3B16247]
	(No symbol) [0x00007FF6F3B2ECE2]
	(No symbol) [0x00007FF6F3B0F0A3]
	(No symbol) [0x00007FF6F3ADA778]
	(No symbol) [0x00007FF6F3ADB8E1]
	GetHandleVerifier [0x00007FF6F3FBFCAD+3408013]
	GetHandleVerifier [0x00007FF6F3FD741F+3504127]
	GetHandleVerifier [0x00007FF6F3FCB5FD+3455453]
	GetHandleVerifier [0x00007FF6F3D4BDBB+835995]
	(No symbol) [0x00007FF6F3BFEB5F]
	(No symbol) [0x00007FF6F3BFA814]
	(No symbol) [0x00007FF6F3BFA9AD]
	(No symbol) [0x00007FF6F3BEA199]
	BaseThreadInitThunk [0x00007FFEAFCB7374+20]
	RtlUserThreadStart [0x00007FFEB037CC91+33]

INFO:root:La ventana del navegador fue cerrada inesperadamente.
INFO:root:1- Añadiendo Cliente a BD
INFO:root:2- El usuario ha sido recibido
INFO:root:1- Añadiendo Unidad Fiscalizable a BD
INFO:root:2- La unidad fiscalizable ha sido añadida
INFO:root:--------------------------
INFO:root:Añadiendo Documento a BD
INFO:root:https://snifa.sma.gob.cl/Fiscalizacion/Ficha/1001101
INFO:root:PLANTEL DE AVES DE LEYDA
INFO:root:<selenium.webdriver.remote.webelement.WebElement (session="7c93b9926fe17f436c4749c8c169631b", element="f.CBAD4DC7F5CF98D9D630BF77469D94FC.d.1C5FDDF8D08EDEEFF189129F82287E40.e.11728")>
INFO:root:--------------------------
INFO:root:El documento ha sido añadido a la BD
INFO:root:La ventana del navegador fue cerrada manualmente.
INFO:root:Navegador cerrado exitosamente.
INFO:root:**********************************
INFO:root:****************************************
INFO:root:Iniciando Scraping . . .
INFO:root:Esperando a que desaparezca el modal
INFO:root:El modal ha desaparecido
INFO:root:--------------------
INFO:root:Fila 1:
INFO:root:  Id_fiscalizable: DFZ-2014-78-XV-RCA-IA
INFO:root:  Clientes: AGROINDUSTRIAL ARICA
INFO:root:  Unidad_fiscalizable: PLANTA FAENADORA DE AVES ARICA
INFO:root:  Ubicacion: https://snifa.sma.gob.cl/UnidadFiscalizable/Ficha/2593
INFO:root:URL actual de la página del documento: https://snifa.sma.gob.cl/Fiscalizacion/Ficha/1001005
INFO:root:Elemento encontrado con la palabra exacta: Informe de Fiscalización Ambiental
INFO:root:Elemento encontrado en la fila: 
INFO:root:Elemento encontrado previamente. URL del enlace: https://snifa.sma.gob.cl/General/Descargar/1104004526
INFO:root:Tiempo de espera agotado al intentar hacer clic en el enlace.
INFO:root:Tabla de búsqueda desplegada.
INFO:root:Elemento encontrado previamente. URL del enlace: https://snifa.sma.gob.cl/General/Descargar/1104004526
INFO:root:1- Añadiendo Cliente a BD
INFO:root:2- El usuario ha sido recibido
INFO:root:1- Añadiendo Unidad Fiscalizable a BD
INFO:root:--------------------------
INFO:root:Añadiendo Documento a BD
INFO:root:https://snifa.sma.gob.cl/Fiscalizacion/Ficha/1001005
INFO:root:PLANTA FAENADORA DE AVES ARICA
INFO:root:IFA_PLANTA FAENADORA DE AVES ARICA
INFO:root:--------------------------
INFO:root:Esperando a que desaparezca el modal
INFO:root:El modal ha desaparecido
INFO:root:--------------------
INFO:root:Fila 2:
INFO:root:  Id_fiscalizable: DFZ-2014-2297-V-RCA-IA
INFO:root:  Clientes: AGRICOLA ARIZTIA, AVICOLA ANDINA SPA
INFO:root:  Unidad_fiscalizable: PLANTEL DE AVES DE LEYDA
INFO:root:  Ubicacion: https://snifa.sma.gob.cl/UnidadFiscalizable/Ficha/1840
INFO:root:URL actual de la página del documento: https://snifa.sma.gob.cl/Fiscalizacion/Ficha/1001101
INFO:root:Elemento encontrado con la palabra exacta: Informe de Fiscalización Ambiental
INFO:root:Elemento encontrado en la fila: 
INFO:root:Elemento encontrado previamente. URL del enlace: https://snifa.sma.gob.cl/General/Descargar/1104004786
INFO:root:Tiempo de espera agotado al intentar hacer clic en el enlace.
INFO:root:Tabla de búsqueda desplegada.
INFO:root:Elemento encontrado previamente. URL del enlace: https://snifa.sma.gob.cl/General/Descargar/1104004786
INFO:root:1- Añadiendo Cliente a BD
INFO:root:2- El usuario ha sido recibido
INFO:root:1- Añadiendo Unidad Fiscalizable a BD
INFO:root:--------------------------
INFO:root:Añadiendo Documento a BD
INFO:root:https://snifa.sma.gob.cl/Fiscalizacion/Ficha/1001101
INFO:root:PLANTEL DE AVES DE LEYDA
INFO:root:IFA_PLANTEL DE AVES DE LEYDA
INFO:root:--------------------------
INFO:root:Esperando a que desaparezca el modal
INFO:root:El modal ha desaparecido
INFO:root:--------------------
INFO:root:Fila 3:
INFO:root:  Id_fiscalizable: DFZ-2014-347-XIII-RCA-IA
INFO:root:  Clientes: AGRICOLA EL MONTE S.A.
INFO:root:  Unidad_fiscalizable: CERDOS LAS MERCEDES - AGRICOLA EL MONTE S.A.
INFO:root:  Ubicacion: https://snifa.sma.gob.cl/UnidadFiscalizable/Ficha/4495
INFO:root:URL actual de la página del documento: https://snifa.sma.gob.cl/Fiscalizacion/Ficha/1001114
INFO:root:Elemento encontrado con la palabra exacta: Informe de Fiscalización Ambiental
INFO:root:Elemento encontrado en la fila: 
INFO:root:Elemento encontrado previamente. URL del enlace: https://snifa.sma.gob.cl/General/Descargar/1104004630
INFO:root:Tiempo de espera agotado al intentar hacer clic en el enlace.
INFO:root:Tabla de búsqueda desplegada.
INFO:root:Elemento encontrado previamente. URL del enlace: https://snifa.sma.gob.cl/General/Descargar/1104004630
INFO:root:1- Añadiendo Cliente a BD
INFO:root:2- El usuario ha sido recibido
INFO:root:1- Añadiendo Unidad Fiscalizable a BD
INFO:root:--------------------------
INFO:root:Añadiendo Documento a BD
INFO:root:https://snifa.sma.gob.cl/Fiscalizacion/Ficha/1001114
INFO:root:CERDOS LAS MERCEDES - AGRICOLA EL MONTE S.A.
INFO:root:IFA_CERDOS LAS MERCEDES - AGRICOLA EL MONTE S.A.
INFO:root:--------------------------
INFO:root:Esperando a que desaparezca el modal
INFO:root:Error al esperar que el modal desaparezca: Message: no such window: target window already closed
from unknown error: web view not found
  (Session info: chrome=131.0.6778.70)
Stacktrace:
	GetHandleVerifier [0x00007FF6F3C86CB5+28821]
	(No symbol) [0x00007FF6F3BF3840]
	(No symbol) [0x00007FF6F3A9578A]
	(No symbol) [0x00007FF6F3A6F4F5]
	(No symbol) [0x00007FF6F3B16247]
	(No symbol) [0x00007FF6F3B2ECE2]
	(No symbol) [0x00007FF6F3B0F0A3]
	(No symbol) [0x00007FF6F3ADA778]
	(No symbol) [0x00007FF6F3ADB8E1]
	GetHandleVerifier [0x00007FF6F3FBFCAD+3408013]
	GetHandleVerifier [0x00007FF6F3FD741F+3504127]
	GetHandleVerifier [0x00007FF6F3FCB5FD+3455453]
	GetHandleVerifier [0x00007FF6F3D4BDBB+835995]
	(No symbol) [0x00007FF6F3BFEB5F]
	(No symbol) [0x00007FF6F3BFA814]
	(No symbol) [0x00007FF6F3BFA9AD]
	(No symbol) [0x00007FF6F3BEA199]
	BaseThreadInitThunk [0x00007FFEAFCB7374+20]
	RtlUserThreadStart [0x00007FFEB037CC91+33]

INFO:root:****************************************
INFO:root:La ventana del navegador fue cerrada manualmente.
INFO:root:Navegador cerrado exitosamente.
INFO:root:**********************************
INFO:root:****************************************
INFO:root:Iniciando Scraping . . .
INFO:root:Esperando a que desaparezca el modal
INFO:root:El modal ha desaparecido
INFO:root:--------------------
INFO:root:Fila 1:
INFO:root:  Id_fiscalizable: DFZ-2014-78-XV-RCA-IA
INFO:root:  Clientes: ['AGROINDUSTRIAL ARICA']
INFO:root:  Unidad_fiscalizable: PLANTA FAENADORA DE AVES ARICA
INFO:root:  Ubicacion: https://snifa.sma.gob.cl/UnidadFiscalizable/Ficha/2593
INFO:root:URL actual de la página del documento: https://snifa.sma.gob.cl/Fiscalizacion/Ficha/1001005
INFO:root:Elemento encontrado con la palabra exacta: Informe de Fiscalización Ambiental
INFO:root:Elemento encontrado previamente. URL del enlace: https://snifa.sma.gob.cl/General/Descargar/1104004526
INFO:root:Tiempo de espera agotado al intentar hacer clic en el enlace.
INFO:root:Tabla de búsqueda desplegada.
INFO:root:Elemento encontrado previamente. URL del enlace: https://snifa.sma.gob.cl/General/Descargar/1104004526
INFO:root:1- Añadiendo Cliente a BD
INFO:root:1- Añadiendo Unidad Fiscalizable a BD
INFO:root:2- La unidad fiscalizable ha sido añadida
INFO:root:--------------------------
INFO:root:Añadiendo Documento a BD
INFO:root:https://snifa.sma.gob.cl/Fiscalizacion/Ficha/1001005
INFO:root:PLANTA FAENADORA DE AVES ARICA
INFO:root:IFA_PLANTA FAENADORA DE AVES ARICA
INFO:root:--------------------------
INFO:root:El documento ha sido añadido a la BD
INFO:root:Esperando a que desaparezca el modal
INFO:root:El modal ha desaparecido
INFO:root:--------------------
INFO:root:Fila 2:
INFO:root:  Id_fiscalizable: DFZ-2014-2297-V-RCA-IA
INFO:root:  Clientes: ['AGRICOLA ARIZTIA', 'AVICOLA ANDINA SPA']
INFO:root:  Unidad_fiscalizable: PLANTEL DE AVES DE LEYDA
INFO:root:  Ubicacion: https://snifa.sma.gob.cl/UnidadFiscalizable/Ficha/1840
INFO:root:URL actual de la página del documento: https://snifa.sma.gob.cl/Fiscalizacion/Ficha/1001101
INFO:root:Elemento encontrado con la palabra exacta: Informe de Fiscalización Ambiental
INFO:root:Elemento encontrado previamente. URL del enlace: https://snifa.sma.gob.cl/General/Descargar/1104004786
INFO:root:Tiempo de espera agotado al intentar hacer clic en el enlace.
INFO:root:Tabla de búsqueda desplegada.
INFO:root:Elemento encontrado previamente. URL del enlace: https://snifa.sma.gob.cl/General/Descargar/1104004786
INFO:root:1- Añadiendo Cliente a BD
INFO:root:1- Añadiendo Unidad Fiscalizable a BD
INFO:root:2- La unidad fiscalizable ha sido añadida
INFO:root:--------------------------
INFO:root:Añadiendo Documento a BD
INFO:root:https://snifa.sma.gob.cl/Fiscalizacion/Ficha/1001101
INFO:root:PLANTEL DE AVES DE LEYDA
INFO:root:IFA_PLANTEL DE AVES DE LEYDA
INFO:root:--------------------------
INFO:root:El documento ha sido añadido a la BD
INFO:root:Esperando a que desaparezca el modal
INFO:root:El modal ha desaparecido
INFO:root:--------------------
INFO:root:Fila 3:
INFO:root:  Id_fiscalizable: DFZ-2014-347-XIII-RCA-IA
INFO:root:  Clientes: ['AGRICOLA EL MONTE S.A.']
INFO:root:  Unidad_fiscalizable: CERDOS LAS MERCEDES - AGRICOLA EL MONTE S.A.
INFO:root:  Ubicacion: https://snifa.sma.gob.cl/UnidadFiscalizable/Ficha/4495
INFO:root:URL actual de la página del documento: https://snifa.sma.gob.cl/Fiscalizacion/Ficha/1001114
INFO:root:Elemento encontrado con la palabra exacta: Informe de Fiscalización Ambiental
INFO:root:Elemento encontrado previamente. URL del enlace: https://snifa.sma.gob.cl/General/Descargar/1104004630
INFO:root:Tiempo de espera agotado al intentar hacer clic en el enlace.
INFO:root:Tabla de búsqueda desplegada.
INFO:root:Elemento encontrado previamente. URL del enlace: https://snifa.sma.gob.cl/General/Descargar/1104004630
INFO:root:1- Añadiendo Cliente a BD
INFO:root:1- Añadiendo Unidad Fiscalizable a BD
INFO:root:2- La unidad fiscalizable ha sido añadida
INFO:root:--------------------------
INFO:root:Añadiendo Documento a BD
INFO:root:https://snifa.sma.gob.cl/Fiscalizacion/Ficha/1001114
INFO:root:CERDOS LAS MERCEDES - AGRICOLA EL MONTE S.A.
INFO:root:IFA_CERDOS LAS MERCEDES - AGRICOLA EL MONTE S.A.
INFO:root:--------------------------
INFO:root:El documento ha sido añadido a la BD
INFO:root:Esperando a que desaparezca el modal
INFO:root:El modal ha desaparecido
INFO:root:--------------------
INFO:root:Fila 4:
INFO:root:  Id_fiscalizable: DFZ-2014-179-XIII-RCA-IA
INFO:root:  Clientes: ['AGRICOLA SUPER LIMITADA']
INFO:root:  Unidad_fiscalizable: CERDOS LA MANGA - AGROSUPER
INFO:root:  Ubicacion: https://snifa.sma.gob.cl/UnidadFiscalizable/Ficha/4494
INFO:root:URL actual de la página del documento: https://snifa.sma.gob.cl/Fiscalizacion/Ficha/1001124
INFO:root:Elemento encontrado con la palabra exacta: Informe de Fiscalización Ambiental
INFO:root:Elemento encontrado previamente. URL del enlace: https://snifa.sma.gob.cl/General/Descargar/1104005427
INFO:root:Tiempo de espera agotado al intentar hacer clic en el enlace.
INFO:root:Tabla de búsqueda desplegada.
INFO:root:Elemento encontrado previamente. URL del enlace: https://snifa.sma.gob.cl/General/Descargar/1104005427
INFO:root:1- Añadiendo Cliente a BD
INFO:root:2- El usuario ha sido recibido
INFO:root:1- Añadiendo Unidad Fiscalizable a BD
INFO:root:2- La unidad fiscalizable ha sido añadida
INFO:root:--------------------------
INFO:root:Añadiendo Documento a BD
INFO:root:https://snifa.sma.gob.cl/Fiscalizacion/Ficha/1001124
INFO:root:CERDOS LA MANGA - AGROSUPER
INFO:root:IFA_CERDOS LA MANGA - AGROSUPER
INFO:root:--------------------------
INFO:root:El documento ha sido añadido a la BD
INFO:root:Esperando a que desaparezca el modal
INFO:root:El modal ha desaparecido
INFO:root:--------------------
INFO:root:Fila 5:
INFO:root:  Id_fiscalizable: DFZ-2014-245-VI-RCA-IA
INFO:root:  Clientes: ['AGRICOLA SUPER LIMITADA']
INFO:root:  Unidad_fiscalizable: AGROSUPER - CERDOS LA ESTRELLA
INFO:root:  Ubicacion: https://snifa.sma.gob.cl/UnidadFiscalizable/Ficha/2180
INFO:root:URL actual de la página del documento: https://snifa.sma.gob.cl/Fiscalizacion/Ficha/1001132
INFO:root:Elemento encontrado con la palabra exacta: Informe de Fiscalización Ambiental
INFO:root:Elemento encontrado previamente. URL del enlace: https://snifa.sma.gob.cl/General/Descargar/1104006561
INFO:root:Tiempo de espera agotado al intentar hacer clic en el enlace.
INFO:root:Tabla de búsqueda desplegada.
INFO:root:Elemento encontrado previamente. URL del enlace: https://snifa.sma.gob.cl/General/Descargar/1104006561
INFO:root:1- Añadiendo Cliente a BD
INFO:root:1- Añadiendo Unidad Fiscalizable a BD
INFO:root:2- La unidad fiscalizable ha sido añadida
INFO:root:--------------------------
INFO:root:Añadiendo Documento a BD
INFO:root:https://snifa.sma.gob.cl/Fiscalizacion/Ficha/1001132
INFO:root:AGROSUPER - CERDOS LA ESTRELLA
INFO:root:IFA_AGROSUPER - CERDOS LA ESTRELLA
INFO:root:--------------------------
INFO:root:El documento ha sido añadido a la BD
INFO:root:Esperando a que desaparezca el modal
INFO:root:El modal ha desaparecido
INFO:root:--------------------
INFO:root:Fila 6:
INFO:root:  Id_fiscalizable: DFZ-2014-2273-VI-RCA-IA
INFO:root:  Clientes: ['AGRICOLA SUPER LIMITADA', 'FAENADORA LO MIRANDA LTDA']
INFO:root:  Unidad_fiscalizable: AGROSUPER - PLANTA LO MIRANDA
INFO:root:  Ubicacion: https://snifa.sma.gob.cl/UnidadFiscalizable/Ficha/2061
INFO:root:URL actual de la página del documento: https://snifa.sma.gob.cl/Fiscalizacion/Ficha/1001137
INFO:root:Elemento encontrado con la palabra exacta: Informe de Fiscalización Ambiental
INFO:root:Elemento encontrado previamente. URL del enlace: https://snifa.sma.gob.cl/General/Descargar/1104005015
INFO:root:Tiempo de espera agotado al intentar hacer clic en el enlace.
INFO:root:Tabla de búsqueda desplegada.
INFO:root:Elemento encontrado previamente. URL del enlace: https://snifa.sma.gob.cl/General/Descargar/1104005015
INFO:root:1- Añadiendo Cliente a BD
INFO:root:2- El usuario ha sido recibido
INFO:root:1- Añadiendo Unidad Fiscalizable a BD
INFO:root:2- La unidad fiscalizable ha sido añadida
INFO:root:--------------------------
INFO:root:Añadiendo Documento a BD
INFO:root:https://snifa.sma.gob.cl/Fiscalizacion/Ficha/1001137
INFO:root:AGROSUPER - PLANTA LO MIRANDA
INFO:root:IFA_AGROSUPER - PLANTA LO MIRANDA
INFO:root:--------------------------
INFO:root:El documento ha sido añadido a la BD
INFO:root:Esperando a que desaparezca el modal
INFO:root:El modal ha desaparecido
INFO:root:--------------------
INFO:root:Fila 7:
INFO:root:  Id_fiscalizable: DFZ-2014-103-VI-RCA-IA
INFO:root:  Clientes: ['INVERTEC FOODS S.A.', 'INVERTEC NATURAL JUICE S.A.', 'INVERTEC FOODS S.A.']
INFO:root:  Unidad_fiscalizable: INVERTEC FOOD - PLANTA RENGO
INFO:root:  Ubicacion: https://snifa.sma.gob.cl/UnidadFiscalizable/Ficha/2096
INFO:root:URL actual de la página del documento: https://snifa.sma.gob.cl/Fiscalizacion/Ficha/1001140
INFO:root:Elemento encontrado con la palabra exacta: Informe de Fiscalización Ambiental
INFO:root:Elemento encontrado previamente. URL del enlace: https://snifa.sma.gob.cl/General/Descargar/1104006385
INFO:root:Tiempo de espera agotado al intentar hacer clic en el enlace.
INFO:root:Tabla de búsqueda desplegada.
INFO:root:Elemento encontrado previamente. URL del enlace: https://snifa.sma.gob.cl/General/Descargar/1104006385
INFO:root:1- Añadiendo Cliente a BD
INFO:root:2- El usuario ha sido recibido
INFO:root:1- Añadiendo Unidad Fiscalizable a BD
INFO:root:2- La unidad fiscalizable ha sido añadida
INFO:root:--------------------------
INFO:root:Añadiendo Documento a BD
INFO:root:https://snifa.sma.gob.cl/Fiscalizacion/Ficha/1001140
INFO:root:INVERTEC FOOD - PLANTA RENGO
INFO:root:IFA_INVERTEC FOOD - PLANTA RENGO
INFO:root:--------------------------
INFO:root:El documento ha sido añadido a la BD
INFO:root:Esperando a que desaparezca el modal
INFO:root:Error al esperar que el modal desaparezca: Message: no such window: target window already closed
from unknown error: web view not found
  (Session info: chrome=131.0.6778.70)
Stacktrace:
	GetHandleVerifier [0x00007FF6F3C86CB5+28821]
	(No symbol) [0x00007FF6F3BF3840]
	(No symbol) [0x00007FF6F3A9578A]
	(No symbol) [0x00007FF6F3A6F4F5]
	(No symbol) [0x00007FF6F3B16247]
	(No symbol) [0x00007FF6F3B2ECE2]
	(No symbol) [0x00007FF6F3B0F0A3]
	(No symbol) [0x00007FF6F3ADA778]
	(No symbol) [0x00007FF6F3ADB8E1]
	GetHandleVerifier [0x00007FF6F3FBFCAD+3408013]
	GetHandleVerifier [0x00007FF6F3FD741F+3504127]
	GetHandleVerifier [0x00007FF6F3FCB5FD+3455453]
	GetHandleVerifier [0x00007FF6F3D4BDBB+835995]
	(No symbol) [0x00007FF6F3BFEB5F]
	(No symbol) [0x00007FF6F3BFA814]
	(No symbol) [0x00007FF6F3BFA9AD]
	(No symbol) [0x00007FF6F3BEA199]
	BaseThreadInitThunk [0x00007FFEAFCB7374+20]
	RtlUserThreadStart [0x00007FFEB037CC91+33]

INFO:root:****************************************
INFO:root:La ventana del navegador fue cerrada manualmente.
INFO:root:Navegador cerrado exitosamente.
INFO:root:**********************************
