INFO:root:Iniciando Scraping...
INFO:root:Categoría 'Agroindustrias' seleccionada.
INFO:root:Clic en el botón 'Buscar'.
INFO:root:Terminando scraping.
INFO:root:***************************************
INFO:root:Iniciando Scraping...
INFO:root:Categoría 'Agroindustrias' seleccionada.
INFO:root:Clic en el botón 'Buscar'.
INFO:root:El modal de carga ha desaparecido.
INFO:root:Procesando fila 1...
INFO:root:FILAS: 1
INFO:root:Nombre del cliente extraído: AGROINDUSTRIAL ARICA
INFO:root:1- Añadiendo Cliente a BD
INFO:root:Cliente 'AGROINDUSTRIAL ARICA' ya existe en la base de datos.
INFO:root:Scroll hacia el enlace 'Ver detalle'.
INFO:root:El modal de carga ha desaparecido.
INFO:root:Clic en el enlace 'Ver detalle'.
INFO:root:El modal de carga ha desaparecido.
INFO:root:Nombre extraído: PLANTA FAENADORA DE AVES ARICA
INFO:root:URL extraída: https://snifa.sma.gob.cl/UnidadFiscalizable/Ficha/2593
INFO:root:Ubicación extraída: Región de Arica y Parinacota
INFO:root:1- Añadiendo Unidad Fiscalizable a BD
INFO:root:Unidad Fiscalizable 'PLANTA FAENADORA DE AVES ARICA' ya existe en la base de datos.
INFO:root:NOMBRE U F: PLANTA FAENADORA DE AVES ARICA
INFO:root:ID de unidad fiscalizable extraído: DFZ-2014-78-XV-RCA-IA
INFO:root:Clic en la pestaña 'Documentos'.
INFO:root:PLANTA FAENADORA DE AVES ARICA
INFO:root:Sección 'Documentos' expandida.
INFO:root:Elemento encontrado con la palabra exacta: Informe de Fiscalización Ambiental
INFO:root:CELDA Informe de Fiscalización Ambiental
INFO:root:Extrayendo el nombre de la unidad fiscalizable...
INFO:root:Nombre de unidad fiscalizable extraído: PLANTA FAENADORA DE AVES ARICA
INFO:root:URL de la página donde se encuentra el documento: https://snifa.sma.gob.cl/Fiscalizacion/Ficha/1001005
INFO:root:Documento descargado como: Informe de Fiscalización Ambiental_DFZ-2014-78-XV-RCA-IA.pdf
INFO:root:PLANTA FAENADORA DE AVES ARICA
INFO:root:--------------------------
INFO:root:Añadiendo Documento a BD
INFO:root:https://snifa.sma.gob.cl/Fiscalizacion/Ficha/1001005
INFO:root:PLANTA FAENADORA DE AVES ARICA
INFO:root:Informe de Fiscalización Ambiental_DFZ-2014-78-XV-RCA-IA.pdf
INFO:root:--------------------------
INFO:root:Error al verificar el documento PDF: EOF marker not found
INFO:root:El documento Informe de Fiscalización Ambiental_DFZ-2014-78-XV-RCA-IA.pdf está incompleto o corrupto. Intentando descargar de nuevo...
INFO:root:Documento 'Informe de Fiscalización Ambiental' descargado y procesado.
INFO:root:Elemento encontrado con la palabra exacta: Informe de Fiscalización Ambiental
INFO:root:CELDA Informe de Fiscalización Ambiental
INFO:root:Extrayendo el nombre de la unidad fiscalizable...
INFO:root:Nombre de unidad fiscalizable extraído: PLANTA FAENADORA DE AVES ARICA
INFO:root:URL de la página donde se encuentra el documento: https://snifa.sma.gob.cl/Fiscalizacion/Ficha/1001005
INFO:root:Documento descargado como: Informe de Fiscalización Ambiental_DFZ-2014-78-XV-RCA-IA.pdf
INFO:root:PLANTA FAENADORA DE AVES ARICA
INFO:root:--------------------------
INFO:root:Añadiendo Documento a BD
INFO:root:https://snifa.sma.gob.cl/Fiscalizacion/Ficha/1001005
INFO:root:PLANTA FAENADORA DE AVES ARICA
INFO:root:Informe de Fiscalización Ambiental_DFZ-2014-78-XV-RCA-IA.pdf
INFO:root:--------------------------
INFO:root:Error al verificar el documento PDF: EOF marker not found
INFO:root:El documento Informe de Fiscalización Ambiental_DFZ-2014-78-XV-RCA-IA.pdf está incompleto o corrupto. Intentando descargar de nuevo...
INFO:root:Documento 'Informe de Fiscalización Ambiental' descargado y procesado.
INFO:root:Elemento encontrado con la palabra exacta: Informe de Fiscalización Ambiental
INFO:root:CELDA Informe de Fiscalización Ambiental
INFO:root:Extrayendo el nombre de la unidad fiscalizable...
INFO:root:Nombre de unidad fiscalizable extraído: PLANTA FAENADORA DE AVES ARICA
INFO:root:URL de la página donde se encuentra el documento: https://snifa.sma.gob.cl/Fiscalizacion/Ficha/1001005
INFO:root:Documento descargado como: Informe de Fiscalización Ambiental_DFZ-2014-78-XV-RCA-IA.pdf
INFO:root:PLANTA FAENADORA DE AVES ARICA
INFO:root:--------------------------
INFO:root:Añadiendo Documento a BD
INFO:root:https://snifa.sma.gob.cl/Fiscalizacion/Ficha/1001005
INFO:root:PLANTA FAENADORA DE AVES ARICA
INFO:root:Informe de Fiscalización Ambiental_DFZ-2014-78-XV-RCA-IA.pdf
INFO:root:--------------------------
INFO:root:Error al verificar el documento PDF: EOF marker not found
INFO:root:El documento Informe de Fiscalización Ambiental_DFZ-2014-78-XV-RCA-IA.pdf está incompleto o corrupto. Intentando descargar de nuevo...
INFO:root:Documento 'Informe de Fiscalización Ambiental' descargado y procesado.
INFO:root:Elemento encontrado con la palabra exacta: Informe de Fiscalización Ambiental
INFO:root:CELDA Informe de Fiscalización Ambiental
INFO:root:Extrayendo el nombre de la unidad fiscalizable...
INFO:root:Nombre de unidad fiscalizable extraído: PLANTA FAENADORA DE AVES ARICA
INFO:root:URL de la página donde se encuentra el documento: https://snifa.sma.gob.cl/Fiscalizacion/Ficha/1001005
INFO:root:Documento descargado como: Informe de Fiscalización Ambiental_DFZ-2014-78-XV-RCA-IA.pdf
INFO:root:PLANTA FAENADORA DE AVES ARICA
INFO:root:--------------------------
INFO:root:Añadiendo Documento a BD
INFO:root:https://snifa.sma.gob.cl/Fiscalizacion/Ficha/1001005
INFO:root:PLANTA FAENADORA DE AVES ARICA
INFO:root:Informe de Fiscalización Ambiental_DFZ-2014-78-XV-RCA-IA.pdf
INFO:root:--------------------------
INFO:root:Error al verificar el documento PDF: EOF marker not found
INFO:root:El documento Informe de Fiscalización Ambiental_DFZ-2014-78-XV-RCA-IA.pdf está incompleto o corrupto. Intentando descargar de nuevo...
INFO:root:Documento 'Informe de Fiscalización Ambiental' descargado y procesado.
INFO:root:Elemento encontrado con la palabra exacta: Informe de Fiscalización Ambiental
INFO:root:CELDA Informe de Fiscalización Ambiental
INFO:root:Extrayendo el nombre de la unidad fiscalizable...
INFO:root:Nombre de unidad fiscalizable extraído: PLANTA FAENADORA DE AVES ARICA
INFO:root:URL de la página donde se encuentra el documento: https://snifa.sma.gob.cl/Fiscalizacion/Ficha/1001005
INFO:root:Documento descargado como: Informe de Fiscalización Ambiental_DFZ-2014-78-XV-RCA-IA.pdf
INFO:root:PLANTA FAENADORA DE AVES ARICA
INFO:root:--------------------------
INFO:root:Añadiendo Documento a BD
INFO:root:https://snifa.sma.gob.cl/Fiscalizacion/Ficha/1001005
INFO:root:PLANTA FAENADORA DE AVES ARICA
INFO:root:Informe de Fiscalización Ambiental_DFZ-2014-78-XV-RCA-IA.pdf
INFO:root:--------------------------
INFO:root:Error al verificar el documento PDF: EOF marker not found
INFO:root:El documento Informe de Fiscalización Ambiental_DFZ-2014-78-XV-RCA-IA.pdf está incompleto o corrupto. Intentando descargar de nuevo...
INFO:root:Documento 'Informe de Fiscalización Ambiental' descargado y procesado.
INFO:root:Volviendo a la página de resultados.
INFO:root:Procesando fila 2...
INFO:root:FILAS: 2
INFO:root:Nombre del cliente extraído: AGRICOLA ARIZTIA
INFO:root:1- Añadiendo Cliente a BD
INFO:root:Cliente 'AGRICOLA ARIZTIA' ya existe en la base de datos.
INFO:root:Scroll hacia el enlace 'Ver detalle'.
INFO:root:El modal de carga ha desaparecido.
INFO:root:Clic en el enlace 'Ver detalle'.
INFO:root:El modal de carga ha desaparecido.
INFO:root:Nombre extraído: PLANTEL DE AVES DE LEYDA
INFO:root:URL extraída: https://snifa.sma.gob.cl/UnidadFiscalizable/Ficha/1840
INFO:root:Ubicación extraída: Región de Valparaíso
INFO:root:1- Añadiendo Unidad Fiscalizable a BD
INFO:root:Unidad Fiscalizable 'PLANTEL DE AVES DE LEYDA' ya existe en la base de datos.
INFO:root:NOMBRE U F: PLANTEL DE AVES DE LEYDA
INFO:root:ID de unidad fiscalizable extraído: DFZ-2014-2297-V-RCA-IA
INFO:root:Clic en la pestaña 'Documentos'.
INFO:root:PLANTEL DE AVES DE LEYDA
INFO:root:Sección 'Documentos' expandida.
INFO:root:Elemento encontrado con la palabra exacta: Informe de Fiscalización Ambiental
INFO:root:CELDA Informe de Fiscalización Ambiental
INFO:root:Extrayendo el nombre de la unidad fiscalizable...
INFO:root:Nombre de unidad fiscalizable extraído: PLANTEL DE AVES DE LEYDA
INFO:root:URL de la página donde se encuentra el documento: https://snifa.sma.gob.cl/Fiscalizacion/Ficha/1001101
INFO:root:Documento descargado como: Informe de Fiscalización Ambiental_DFZ-2014-2297-V-RCA-IA.pdf
INFO:root:PLANTEL DE AVES DE LEYDA
INFO:root:--------------------------
INFO:root:Añadiendo Documento a BD
INFO:root:https://snifa.sma.gob.cl/Fiscalizacion/Ficha/1001101
INFO:root:PLANTEL DE AVES DE LEYDA
INFO:root:Informe de Fiscalización Ambiental_DFZ-2014-2297-V-RCA-IA.pdf
INFO:root:--------------------------
INFO:root:Error al verificar el documento PDF: EOF marker not found
INFO:root:El documento Informe de Fiscalización Ambiental_DFZ-2014-2297-V-RCA-IA.pdf está incompleto o corrupto. Intentando descargar de nuevo...
INFO:root:Documento 'Informe de Fiscalización Ambiental' descargado y procesado.
INFO:root:Elemento encontrado con la palabra exacta: Informe de Fiscalización Ambiental
INFO:root:CELDA Informe de Fiscalización Ambiental
INFO:root:Extrayendo el nombre de la unidad fiscalizable...
INFO:root:Nombre de unidad fiscalizable extraído: PLANTEL DE AVES DE LEYDA
INFO:root:URL de la página donde se encuentra el documento: https://snifa.sma.gob.cl/Fiscalizacion/Ficha/1001101
INFO:root:Documento descargado como: Informe de Fiscalización Ambiental_DFZ-2014-2297-V-RCA-IA.pdf
INFO:root:PLANTEL DE AVES DE LEYDA
INFO:root:--------------------------
INFO:root:Añadiendo Documento a BD
INFO:root:https://snifa.sma.gob.cl/Fiscalizacion/Ficha/1001101
INFO:root:PLANTEL DE AVES DE LEYDA
INFO:root:Informe de Fiscalización Ambiental_DFZ-2014-2297-V-RCA-IA.pdf
INFO:root:--------------------------
INFO:root:Error al verificar el documento PDF: EOF marker not found
INFO:root:El documento Informe de Fiscalización Ambiental_DFZ-2014-2297-V-RCA-IA.pdf está incompleto o corrupto. Intentando descargar de nuevo...
INFO:root:Documento 'Informe de Fiscalización Ambiental' descargado y procesado.
INFO:root:Elemento encontrado con la palabra exacta: Informe de Fiscalización Ambiental
INFO:root:CELDA Informe de Fiscalización Ambiental
INFO:root:Extrayendo el nombre de la unidad fiscalizable...
INFO:root:Nombre de unidad fiscalizable extraído: PLANTEL DE AVES DE LEYDA
INFO:root:URL de la página donde se encuentra el documento: https://snifa.sma.gob.cl/Fiscalizacion/Ficha/1001101
INFO:root:Documento descargado como: Informe de Fiscalización Ambiental_DFZ-2014-2297-V-RCA-IA.pdf
INFO:root:PLANTEL DE AVES DE LEYDA
INFO:root:--------------------------
INFO:root:Añadiendo Documento a BD
INFO:root:https://snifa.sma.gob.cl/Fiscalizacion/Ficha/1001101
INFO:root:PLANTEL DE AVES DE LEYDA
INFO:root:Informe de Fiscalización Ambiental_DFZ-2014-2297-V-RCA-IA.pdf
INFO:root:--------------------------
INFO:root:Error al verificar el documento PDF: EOF marker not found
INFO:root:El documento Informe de Fiscalización Ambiental_DFZ-2014-2297-V-RCA-IA.pdf está incompleto o corrupto. Intentando descargar de nuevo...
INFO:root:Documento 'Informe de Fiscalización Ambiental' descargado y procesado.
INFO:root:Elemento encontrado con la palabra exacta: Informe de Fiscalización Ambiental
INFO:root:CELDA Informe de Fiscalización Ambiental
INFO:root:Extrayendo el nombre de la unidad fiscalizable...
INFO:root:Nombre de unidad fiscalizable extraído: PLANTEL DE AVES DE LEYDA
INFO:root:URL de la página donde se encuentra el documento: https://snifa.sma.gob.cl/Fiscalizacion/Ficha/1001101
INFO:root:Documento descargado como: Informe de Fiscalización Ambiental_DFZ-2014-2297-V-RCA-IA.pdf
INFO:root:PLANTEL DE AVES DE LEYDA
INFO:root:--------------------------
INFO:root:Añadiendo Documento a BD
INFO:root:https://snifa.sma.gob.cl/Fiscalizacion/Ficha/1001101
INFO:root:PLANTEL DE AVES DE LEYDA
INFO:root:Informe de Fiscalización Ambiental_DFZ-2014-2297-V-RCA-IA.pdf
INFO:root:--------------------------
INFO:root:Error al verificar el documento PDF: EOF marker not found
INFO:root:El documento Informe de Fiscalización Ambiental_DFZ-2014-2297-V-RCA-IA.pdf está incompleto o corrupto. Intentando descargar de nuevo...
INFO:root:Documento 'Informe de Fiscalización Ambiental' descargado y procesado.
INFO:root:Elemento encontrado con la palabra exacta: Informe de Fiscalización Ambiental
INFO:root:CELDA Informe de Fiscalización Ambiental
INFO:root:Extrayendo el nombre de la unidad fiscalizable...
INFO:root:Nombre de unidad fiscalizable extraído: PLANTEL DE AVES DE LEYDA
INFO:root:URL de la página donde se encuentra el documento: https://snifa.sma.gob.cl/Fiscalizacion/Ficha/1001101
INFO:root:Documento descargado como: Informe de Fiscalización Ambiental_DFZ-2014-2297-V-RCA-IA.pdf
INFO:root:PLANTEL DE AVES DE LEYDA
INFO:root:--------------------------
INFO:root:Añadiendo Documento a BD
INFO:root:https://snifa.sma.gob.cl/Fiscalizacion/Ficha/1001101
INFO:root:PLANTEL DE AVES DE LEYDA
INFO:root:Informe de Fiscalización Ambiental_DFZ-2014-2297-V-RCA-IA.pdf
INFO:root:--------------------------
INFO:root:Error al verificar el documento PDF: EOF marker not found
INFO:root:El documento Informe de Fiscalización Ambiental_DFZ-2014-2297-V-RCA-IA.pdf está incompleto o corrupto. Intentando descargar de nuevo...
INFO:root:Documento 'Informe de Fiscalización Ambiental' descargado y procesado.
INFO:root:Elemento encontrado con la palabra exacta: Informe de Fiscalización Ambiental
INFO:root:CELDA Informe de Fiscalización Ambiental
INFO:root:Extrayendo el nombre de la unidad fiscalizable...
INFO:root:Nombre de unidad fiscalizable extraído: PLANTEL DE AVES DE LEYDA
INFO:root:URL de la página donde se encuentra el documento: https://snifa.sma.gob.cl/Fiscalizacion/Ficha/1001101
INFO:root:Documento descargado como: Informe de Fiscalización Ambiental_DFZ-2014-2297-V-RCA-IA.pdf
INFO:root:PLANTEL DE AVES DE LEYDA
INFO:root:--------------------------
INFO:root:Añadiendo Documento a BD
INFO:root:https://snifa.sma.gob.cl/Fiscalizacion/Ficha/1001101
INFO:root:PLANTEL DE AVES DE LEYDA
INFO:root:Informe de Fiscalización Ambiental_DFZ-2014-2297-V-RCA-IA.pdf
INFO:root:--------------------------
INFO:root:Error al verificar el documento PDF: EOF marker not found
INFO:root:El documento Informe de Fiscalización Ambiental_DFZ-2014-2297-V-RCA-IA.pdf está incompleto o corrupto. Intentando descargar de nuevo...
INFO:root:Documento 'Informe de Fiscalización Ambiental' descargado y procesado.
INFO:root:Elemento encontrado con la palabra exacta: Informe de Fiscalización Ambiental
INFO:root:CELDA Informe de Fiscalización Ambiental
INFO:root:Extrayendo el nombre de la unidad fiscalizable...
INFO:root:Nombre de unidad fiscalizable extraído: PLANTEL DE AVES DE LEYDA
INFO:root:URL de la página donde se encuentra el documento: https://snifa.sma.gob.cl/Fiscalizacion/Ficha/1001101
INFO:root:Documento descargado como: Informe de Fiscalización Ambiental_DFZ-2014-2297-V-RCA-IA.pdf
INFO:root:PLANTEL DE AVES DE LEYDA
INFO:root:--------------------------
INFO:root:Añadiendo Documento a BD
INFO:root:https://snifa.sma.gob.cl/Fiscalizacion/Ficha/1001101
INFO:root:PLANTEL DE AVES DE LEYDA
INFO:root:Informe de Fiscalización Ambiental_DFZ-2014-2297-V-RCA-IA.pdf
INFO:root:--------------------------
INFO:root:Error al verificar el documento PDF: EOF marker not found
INFO:root:El documento Informe de Fiscalización Ambiental_DFZ-2014-2297-V-RCA-IA.pdf está incompleto o corrupto. Intentando descargar de nuevo...
INFO:root:Documento 'Informe de Fiscalización Ambiental' descargado y procesado.
INFO:root:Elemento encontrado con la palabra exacta: Informe de Fiscalización Ambiental
INFO:root:CELDA Informe de Fiscalización Ambiental
INFO:root:Extrayendo el nombre de la unidad fiscalizable...
INFO:root:Nombre de unidad fiscalizable extraído: PLANTEL DE AVES DE LEYDA
INFO:root:URL de la página donde se encuentra el documento: https://snifa.sma.gob.cl/Fiscalizacion/Ficha/1001101
INFO:root:Documento descargado como: Informe de Fiscalización Ambiental_DFZ-2014-2297-V-RCA-IA.pdf
INFO:root:PLANTEL DE AVES DE LEYDA
INFO:root:--------------------------
INFO:root:Añadiendo Documento a BD
INFO:root:https://snifa.sma.gob.cl/Fiscalizacion/Ficha/1001101
INFO:root:PLANTEL DE AVES DE LEYDA
INFO:root:Informe de Fiscalización Ambiental_DFZ-2014-2297-V-RCA-IA.pdf
INFO:root:--------------------------
INFO:root:Error al verificar el documento PDF: EOF marker not found
INFO:root:El documento Informe de Fiscalización Ambiental_DFZ-2014-2297-V-RCA-IA.pdf está incompleto o corrupto. Intentando descargar de nuevo...
INFO:root:Documento 'Informe de Fiscalización Ambiental' descargado y procesado.
INFO:root:Elemento encontrado con la palabra exacta: Informe de Fiscalización Ambiental
INFO:root:CELDA Informe de Fiscalización Ambiental
INFO:root:Extrayendo el nombre de la unidad fiscalizable...
INFO:root:Nombre de unidad fiscalizable extraído: PLANTEL DE AVES DE LEYDA
INFO:root:URL de la página donde se encuentra el documento: https://snifa.sma.gob.cl/Fiscalizacion/Ficha/1001101
INFO:root:Documento descargado como: Informe de Fiscalización Ambiental_DFZ-2014-2297-V-RCA-IA.pdf
INFO:root:PLANTEL DE AVES DE LEYDA
INFO:root:--------------------------
INFO:root:Añadiendo Documento a BD
INFO:root:https://snifa.sma.gob.cl/Fiscalizacion/Ficha/1001101
INFO:root:PLANTEL DE AVES DE LEYDA
INFO:root:Informe de Fiscalización Ambiental_DFZ-2014-2297-V-RCA-IA.pdf
INFO:root:--------------------------
INFO:root:Error al verificar el documento PDF: EOF marker not found
INFO:root:El documento Informe de Fiscalización Ambiental_DFZ-2014-2297-V-RCA-IA.pdf está incompleto o corrupto. Intentando descargar de nuevo...
INFO:root:Documento 'Informe de Fiscalización Ambiental' descargado y procesado.
INFO:root:Volviendo a la página de resultados.
INFO:root:Procesando fila 3...
INFO:root:FILAS: 3
INFO:root:Nombre del cliente extraído: AGRICOLA EL MONTE S.A.
INFO:root:1- Añadiendo Cliente a BD
INFO:root:Cliente 'AGRICOLA EL MONTE S.A.' ya existe en la base de datos.
INFO:root:Scroll hacia el enlace 'Ver detalle'.
INFO:root:El modal de carga ha desaparecido.
INFO:root:Clic en el enlace 'Ver detalle'.
INFO:root:El modal de carga ha desaparecido.
INFO:root:Nombre extraído: CERDOS LAS MERCEDES - AGRICOLA EL MONTE S.A.
INFO:root:URL extraída: https://snifa.sma.gob.cl/UnidadFiscalizable/Ficha/4495
INFO:root:Ubicación extraída: Región Metropolitana
INFO:root:1- Añadiendo Unidad Fiscalizable a BD
INFO:root:Unidad Fiscalizable 'CERDOS LAS MERCEDES - AGRICOLA EL MONTE S.A.' ya existe en la base de datos.
INFO:root:NOMBRE U F: CERDOS LAS MERCEDES - AGRICOLA EL MONTE S.A.
INFO:root:ID de unidad fiscalizable extraído: DFZ-2014-347-XIII-RCA-IA
INFO:root:Clic en la pestaña 'Documentos'.
INFO:root:CERDOS LAS MERCEDES - AGRICOLA EL MONTE S.A.
INFO:root:Sección 'Documentos' expandida.
INFO:root:Elemento encontrado con la palabra exacta: Informe de Fiscalización Ambiental
INFO:root:CELDA Informe de Fiscalización Ambiental
INFO:root:Extrayendo el nombre de la unidad fiscalizable...
INFO:root:Nombre de unidad fiscalizable extraído: CERDOS LAS MERCEDES - AGRICOLA EL MONTE S.A.
INFO:root:URL de la página donde se encuentra el documento: https://snifa.sma.gob.cl/Fiscalizacion/Ficha/1001114
INFO:root:Documento descargado como: Informe de Fiscalización Ambiental_DFZ-2014-347-XIII-RCA-IA.pdf
INFO:root:CERDOS LAS MERCEDES - AGRICOLA EL MONTE S.A.
INFO:root:--------------------------
INFO:root:Añadiendo Documento a BD
INFO:root:https://snifa.sma.gob.cl/Fiscalizacion/Ficha/1001114
INFO:root:CERDOS LAS MERCEDES - AGRICOLA EL MONTE S.A.
INFO:root:Informe de Fiscalización Ambiental_DFZ-2014-347-XIII-RCA-IA.pdf
INFO:root:--------------------------
INFO:root:Error al verificar el documento PDF: EOF marker not found
INFO:root:El documento Informe de Fiscalización Ambiental_DFZ-2014-347-XIII-RCA-IA.pdf está incompleto o corrupto. Intentando descargar de nuevo...
INFO:root:Documento 'Informe de Fiscalización Ambiental' descargado y procesado.
INFO:root:Elemento encontrado con la palabra exacta: Informe de Fiscalización Ambiental
INFO:root:CELDA Informe de Fiscalización Ambiental
INFO:root:Extrayendo el nombre de la unidad fiscalizable...
INFO:root:Nombre de unidad fiscalizable extraído: CERDOS LAS MERCEDES - AGRICOLA EL MONTE S.A.
INFO:root:URL de la página donde se encuentra el documento: https://snifa.sma.gob.cl/Fiscalizacion/Ficha/1001114
INFO:root:Documento descargado como: Informe de Fiscalización Ambiental_DFZ-2014-347-XIII-RCA-IA.pdf
INFO:root:CERDOS LAS MERCEDES - AGRICOLA EL MONTE S.A.
INFO:root:--------------------------
INFO:root:Añadiendo Documento a BD
INFO:root:https://snifa.sma.gob.cl/Fiscalizacion/Ficha/1001114
INFO:root:CERDOS LAS MERCEDES - AGRICOLA EL MONTE S.A.
INFO:root:Informe de Fiscalización Ambiental_DFZ-2014-347-XIII-RCA-IA.pdf
INFO:root:--------------------------
INFO:root:Error al verificar el documento PDF: EOF marker not found
INFO:root:El documento Informe de Fiscalización Ambiental_DFZ-2014-347-XIII-RCA-IA.pdf está incompleto o corrupto. Intentando descargar de nuevo...
INFO:root:Documento 'Informe de Fiscalización Ambiental' descargado y procesado.
INFO:root:Elemento encontrado con la palabra exacta: Informe de Fiscalización Ambiental
INFO:root:CELDA Informe de Fiscalización Ambiental
INFO:root:Extrayendo el nombre de la unidad fiscalizable...
INFO:root:Nombre de unidad fiscalizable extraído: CERDOS LAS MERCEDES - AGRICOLA EL MONTE S.A.
INFO:root:URL de la página donde se encuentra el documento: https://snifa.sma.gob.cl/Fiscalizacion/Ficha/1001114
INFO:root:Documento descargado como: Informe de Fiscalización Ambiental_DFZ-2014-347-XIII-RCA-IA.pdf
INFO:root:CERDOS LAS MERCEDES - AGRICOLA EL MONTE S.A.
INFO:root:--------------------------
INFO:root:Añadiendo Documento a BD
INFO:root:https://snifa.sma.gob.cl/Fiscalizacion/Ficha/1001114
INFO:root:CERDOS LAS MERCEDES - AGRICOLA EL MONTE S.A.
INFO:root:Informe de Fiscalización Ambiental_DFZ-2014-347-XIII-RCA-IA.pdf
INFO:root:--------------------------
INFO:root:Error al verificar el documento PDF: EOF marker not found
INFO:root:El documento Informe de Fiscalización Ambiental_DFZ-2014-347-XIII-RCA-IA.pdf está incompleto o corrupto. Intentando descargar de nuevo...
INFO:root:Documento 'Informe de Fiscalización Ambiental' descargado y procesado.
INFO:root:Elemento encontrado con la palabra exacta: Informe de Fiscalización Ambiental
INFO:root:CELDA Informe de Fiscalización Ambiental
INFO:root:Extrayendo el nombre de la unidad fiscalizable...
INFO:root:Nombre de unidad fiscalizable extraído: CERDOS LAS MERCEDES - AGRICOLA EL MONTE S.A.
INFO:root:URL de la página donde se encuentra el documento: https://snifa.sma.gob.cl/Fiscalizacion/Ficha/1001114
INFO:root:Documento descargado como: Informe de Fiscalización Ambiental_DFZ-2014-347-XIII-RCA-IA.pdf
INFO:root:CERDOS LAS MERCEDES - AGRICOLA EL MONTE S.A.
INFO:root:--------------------------
INFO:root:Añadiendo Documento a BD
INFO:root:https://snifa.sma.gob.cl/Fiscalizacion/Ficha/1001114
INFO:root:CERDOS LAS MERCEDES - AGRICOLA EL MONTE S.A.
INFO:root:Informe de Fiscalización Ambiental_DFZ-2014-347-XIII-RCA-IA.pdf
INFO:root:--------------------------
INFO:root:Error al verificar el documento PDF: EOF marker not found
INFO:root:El documento Informe de Fiscalización Ambiental_DFZ-2014-347-XIII-RCA-IA.pdf está incompleto o corrupto. Intentando descargar de nuevo...
INFO:root:Documento 'Informe de Fiscalización Ambiental' descargado y procesado.
INFO:root:Elemento encontrado con la palabra exacta: Informe de Fiscalización Ambiental
INFO:root:CELDA Informe de Fiscalización Ambiental
INFO:root:Extrayendo el nombre de la unidad fiscalizable...
INFO:root:Nombre de unidad fiscalizable extraído: CERDOS LAS MERCEDES - AGRICOLA EL MONTE S.A.
INFO:root:URL de la página donde se encuentra el documento: https://snifa.sma.gob.cl/Fiscalizacion/Ficha/1001114
INFO:root:Documento descargado como: Informe de Fiscalización Ambiental_DFZ-2014-347-XIII-RCA-IA.pdf
INFO:root:CERDOS LAS MERCEDES - AGRICOLA EL MONTE S.A.
INFO:root:--------------------------
INFO:root:Añadiendo Documento a BD
INFO:root:https://snifa.sma.gob.cl/Fiscalizacion/Ficha/1001114
INFO:root:CERDOS LAS MERCEDES - AGRICOLA EL MONTE S.A.
INFO:root:Informe de Fiscalización Ambiental_DFZ-2014-347-XIII-RCA-IA.pdf
INFO:root:--------------------------
INFO:root:Error al verificar el documento PDF: EOF marker not found
INFO:root:El documento Informe de Fiscalización Ambiental_DFZ-2014-347-XIII-RCA-IA.pdf está incompleto o corrupto. Intentando descargar de nuevo...
INFO:root:Documento 'Informe de Fiscalización Ambiental' descargado y procesado.
INFO:root:Elemento encontrado con la palabra exacta: Informe de Fiscalización Ambiental
INFO:root:CELDA Informe de Fiscalización Ambiental
INFO:root:Extrayendo el nombre de la unidad fiscalizable...
INFO:root:Nombre de unidad fiscalizable extraído: CERDOS LAS MERCEDES - AGRICOLA EL MONTE S.A.
INFO:root:URL de la página donde se encuentra el documento: https://snifa.sma.gob.cl/Fiscalizacion/Ficha/1001114
INFO:root:Documento descargado como: Informe de Fiscalización Ambiental_DFZ-2014-347-XIII-RCA-IA.pdf
INFO:root:CERDOS LAS MERCEDES - AGRICOLA EL MONTE S.A.
INFO:root:--------------------------
INFO:root:Añadiendo Documento a BD
INFO:root:https://snifa.sma.gob.cl/Fiscalizacion/Ficha/1001114
INFO:root:CERDOS LAS MERCEDES - AGRICOLA EL MONTE S.A.
INFO:root:Informe de Fiscalización Ambiental_DFZ-2014-347-XIII-RCA-IA.pdf
INFO:root:--------------------------
INFO:root:Error al verificar el documento PDF: EOF marker not found
INFO:root:El documento Informe de Fiscalización Ambiental_DFZ-2014-347-XIII-RCA-IA.pdf está incompleto o corrupto. Intentando descargar de nuevo...
INFO:root:Documento 'Informe de Fiscalización Ambiental' descargado y procesado.
INFO:root:Elemento encontrado con la palabra exacta: Informe de Fiscalización Ambiental
INFO:root:CELDA Informe de Fiscalización Ambiental
INFO:root:Extrayendo el nombre de la unidad fiscalizable...
INFO:root:Nombre de unidad fiscalizable extraído: CERDOS LAS MERCEDES - AGRICOLA EL MONTE S.A.
INFO:root:URL de la página donde se encuentra el documento: https://snifa.sma.gob.cl/Fiscalizacion/Ficha/1001114
INFO:root:Documento descargado como: Informe de Fiscalización Ambiental_DFZ-2014-347-XIII-RCA-IA.pdf
INFO:root:CERDOS LAS MERCEDES - AGRICOLA EL MONTE S.A.
INFO:root:--------------------------
INFO:root:Añadiendo Documento a BD
INFO:root:https://snifa.sma.gob.cl/Fiscalizacion/Ficha/1001114
INFO:root:CERDOS LAS MERCEDES - AGRICOLA EL MONTE S.A.
INFO:root:Informe de Fiscalización Ambiental_DFZ-2014-347-XIII-RCA-IA.pdf
INFO:root:--------------------------
INFO:root:Error al verificar el documento PDF: EOF marker not found
INFO:root:El documento Informe de Fiscalización Ambiental_DFZ-2014-347-XIII-RCA-IA.pdf está incompleto o corrupto. Intentando descargar de nuevo...
INFO:root:Documento 'Informe de Fiscalización Ambiental' descargado y procesado.
INFO:root:Volviendo a la página de resultados.
INFO:root:Procesando fila 4...
INFO:root:FILAS: 4
INFO:root:Nombre del cliente extraído: AGRICOLA SUPER LIMITADA
INFO:root:1- Añadiendo Cliente a BD
INFO:root:Cliente 'AGRICOLA SUPER LIMITADA' ya existe en la base de datos.
INFO:root:Scroll hacia el enlace 'Ver detalle'.
INFO:root:El modal de carga ha desaparecido.
INFO:root:Clic en el enlace 'Ver detalle'.
INFO:root:El modal de carga ha desaparecido.
INFO:root:Nombre extraído: CERDOS LA MANGA - AGROSUPER
INFO:root:URL extraída: https://snifa.sma.gob.cl/UnidadFiscalizable/Ficha/4494
INFO:root:Ubicación extraída: Región Metropolitana
INFO:root:1- Añadiendo Unidad Fiscalizable a BD
INFO:root:Unidad Fiscalizable 'CERDOS LA MANGA - AGROSUPER' ya existe en la base de datos.
INFO:root:NOMBRE U F: CERDOS LA MANGA - AGROSUPER
INFO:root:ID de unidad fiscalizable extraído: DFZ-2014-179-XIII-RCA-IA
INFO:root:Clic en la pestaña 'Documentos'.
INFO:root:CERDOS LA MANGA - AGROSUPER
INFO:root:Sección 'Documentos' expandida.
INFO:root:Elemento encontrado con la palabra exacta: Informe de Fiscalización Ambiental
INFO:root:CELDA Informe de Fiscalización Ambiental
INFO:root:Extrayendo el nombre de la unidad fiscalizable...
INFO:root:Nombre de unidad fiscalizable extraído: CERDOS LA MANGA - AGROSUPER
INFO:root:URL de la página donde se encuentra el documento: https://snifa.sma.gob.cl/Fiscalizacion/Ficha/1001124
INFO:root:Documento descargado como: Informe de Fiscalización Ambiental_DFZ-2014-179-XIII-RCA-IA.pdf
INFO:root:CERDOS LA MANGA - AGROSUPER
INFO:root:--------------------------
INFO:root:Añadiendo Documento a BD
INFO:root:https://snifa.sma.gob.cl/Fiscalizacion/Ficha/1001124
INFO:root:CERDOS LA MANGA - AGROSUPER
INFO:root:Informe de Fiscalización Ambiental_DFZ-2014-179-XIII-RCA-IA.pdf
INFO:root:--------------------------
INFO:root:El documento ha sido añadido a la BD
INFO:root:Error al verificar el documento PDF: EOF marker not found
INFO:root:El documento Informe de Fiscalización Ambiental_DFZ-2014-179-XIII-RCA-IA.pdf está incompleto o corrupto. Intentando descargar de nuevo...
INFO:root:Documento 'Informe de Fiscalización Ambiental' descargado y procesado.
INFO:root:Elemento encontrado con la palabra exacta: Informe de Fiscalización Ambiental
INFO:root:CELDA Informe de Fiscalización Ambiental
INFO:root:Extrayendo el nombre de la unidad fiscalizable...
INFO:root:Nombre de unidad fiscalizable extraído: CERDOS LA MANGA - AGROSUPER
INFO:root:URL de la página donde se encuentra el documento: https://snifa.sma.gob.cl/Fiscalizacion/Ficha/1001124
INFO:root:Documento descargado como: Informe de Fiscalización Ambiental_DFZ-2014-179-XIII-RCA-IA.pdf
INFO:root:CERDOS LA MANGA - AGROSUPER
INFO:root:--------------------------
INFO:root:Añadiendo Documento a BD
INFO:root:https://snifa.sma.gob.cl/Fiscalizacion/Ficha/1001124
INFO:root:CERDOS LA MANGA - AGROSUPER
INFO:root:Informe de Fiscalización Ambiental_DFZ-2014-179-XIII-RCA-IA.pdf
INFO:root:--------------------------
INFO:root:Error al verificar el documento PDF: EOF marker not found
INFO:root:El documento Informe de Fiscalización Ambiental_DFZ-2014-179-XIII-RCA-IA.pdf está incompleto o corrupto. Intentando descargar de nuevo...
INFO:root:Documento 'Informe de Fiscalización Ambiental' descargado y procesado.
INFO:root:Elemento encontrado con la palabra exacta: Informe de Fiscalización Ambiental
INFO:root:CELDA Informe de Fiscalización Ambiental
INFO:root:Extrayendo el nombre de la unidad fiscalizable...
INFO:root:Nombre de unidad fiscalizable extraído: CERDOS LA MANGA - AGROSUPER
INFO:root:URL de la página donde se encuentra el documento: https://snifa.sma.gob.cl/Fiscalizacion/Ficha/1001124
INFO:root:Documento descargado como: Informe de Fiscalización Ambiental_DFZ-2014-179-XIII-RCA-IA.pdf
INFO:root:CERDOS LA MANGA - AGROSUPER
INFO:root:--------------------------
INFO:root:Añadiendo Documento a BD
INFO:root:https://snifa.sma.gob.cl/Fiscalizacion/Ficha/1001124
INFO:root:CERDOS LA MANGA - AGROSUPER
INFO:root:Informe de Fiscalización Ambiental_DFZ-2014-179-XIII-RCA-IA.pdf
INFO:root:--------------------------
INFO:root:Error al verificar el documento PDF: EOF marker not found
INFO:root:El documento Informe de Fiscalización Ambiental_DFZ-2014-179-XIII-RCA-IA.pdf está incompleto o corrupto. Intentando descargar de nuevo...
INFO:root:Documento 'Informe de Fiscalización Ambiental' descargado y procesado.
INFO:root:Elemento encontrado con la palabra exacta: Informe de Fiscalización Ambiental
INFO:root:CELDA Informe de Fiscalización Ambiental
INFO:root:Extrayendo el nombre de la unidad fiscalizable...
INFO:root:Nombre de unidad fiscalizable extraído: CERDOS LA MANGA - AGROSUPER
INFO:root:URL de la página donde se encuentra el documento: https://snifa.sma.gob.cl/Fiscalizacion/Ficha/1001124
INFO:root:Documento descargado como: Informe de Fiscalización Ambiental_DFZ-2014-179-XIII-RCA-IA.pdf
INFO:root:CERDOS LA MANGA - AGROSUPER
INFO:root:--------------------------
INFO:root:Añadiendo Documento a BD
INFO:root:https://snifa.sma.gob.cl/Fiscalizacion/Ficha/1001124
INFO:root:CERDOS LA MANGA - AGROSUPER
INFO:root:Informe de Fiscalización Ambiental_DFZ-2014-179-XIII-RCA-IA.pdf
INFO:root:--------------------------
INFO:root:Error al verificar el documento PDF: EOF marker not found
INFO:root:El documento Informe de Fiscalización Ambiental_DFZ-2014-179-XIII-RCA-IA.pdf está incompleto o corrupto. Intentando descargar de nuevo...
INFO:root:Documento 'Informe de Fiscalización Ambiental' descargado y procesado.
INFO:root:Elemento encontrado con la palabra exacta: Informe de Fiscalización Ambiental
INFO:root:CELDA Informe de Fiscalización Ambiental
INFO:root:Extrayendo el nombre de la unidad fiscalizable...
INFO:root:Nombre de unidad fiscalizable extraído: CERDOS LA MANGA - AGROSUPER
INFO:root:URL de la página donde se encuentra el documento: https://snifa.sma.gob.cl/Fiscalizacion/Ficha/1001124
INFO:root:Documento descargado como: Informe de Fiscalización Ambiental_DFZ-2014-179-XIII-RCA-IA.pdf
INFO:root:CERDOS LA MANGA - AGROSUPER
INFO:root:--------------------------
INFO:root:Añadiendo Documento a BD
INFO:root:https://snifa.sma.gob.cl/Fiscalizacion/Ficha/1001124
INFO:root:CERDOS LA MANGA - AGROSUPER
INFO:root:Informe de Fiscalización Ambiental_DFZ-2014-179-XIII-RCA-IA.pdf
INFO:root:--------------------------
INFO:root:Error al verificar el documento PDF: EOF marker not found
INFO:root:El documento Informe de Fiscalización Ambiental_DFZ-2014-179-XIII-RCA-IA.pdf está incompleto o corrupto. Intentando descargar de nuevo...
INFO:root:Documento 'Informe de Fiscalización Ambiental' descargado y procesado.
INFO:root:Elemento encontrado con la palabra exacta: Informe de Fiscalización Ambiental
INFO:root:CELDA Informe de Fiscalización Ambiental
INFO:root:Extrayendo el nombre de la unidad fiscalizable...
INFO:root:Nombre de unidad fiscalizable extraído: CERDOS LA MANGA - AGROSUPER
INFO:root:URL de la página donde se encuentra el documento: https://snifa.sma.gob.cl/Fiscalizacion/Ficha/1001124
INFO:root:Documento descargado como: Informe de Fiscalización Ambiental_DFZ-2014-179-XIII-RCA-IA.pdf
INFO:root:CERDOS LA MANGA - AGROSUPER
INFO:root:--------------------------
INFO:root:Añadiendo Documento a BD
INFO:root:https://snifa.sma.gob.cl/Fiscalizacion/Ficha/1001124
INFO:root:CERDOS LA MANGA - AGROSUPER
INFO:root:Informe de Fiscalización Ambiental_DFZ-2014-179-XIII-RCA-IA.pdf
INFO:root:--------------------------
INFO:root:Error al verificar el documento PDF: EOF marker not found
INFO:root:El documento Informe de Fiscalización Ambiental_DFZ-2014-179-XIII-RCA-IA.pdf está incompleto o corrupto. Intentando descargar de nuevo...
INFO:root:Documento 'Informe de Fiscalización Ambiental' descargado y procesado.
INFO:root:Elemento encontrado con la palabra exacta: Informe de Fiscalización Ambiental
INFO:root:CELDA Informe de Fiscalización Ambiental
INFO:root:Extrayendo el nombre de la unidad fiscalizable...
INFO:root:Nombre de unidad fiscalizable extraído: CERDOS LA MANGA - AGROSUPER
INFO:root:URL de la página donde se encuentra el documento: https://snifa.sma.gob.cl/Fiscalizacion/Ficha/1001124
INFO:root:Documento descargado como: Informe de Fiscalización Ambiental_DFZ-2014-179-XIII-RCA-IA.pdf
INFO:root:CERDOS LA MANGA - AGROSUPER
INFO:root:--------------------------
INFO:root:Añadiendo Documento a BD
INFO:root:https://snifa.sma.gob.cl/Fiscalizacion/Ficha/1001124
INFO:root:CERDOS LA MANGA - AGROSUPER
INFO:root:Informe de Fiscalización Ambiental_DFZ-2014-179-XIII-RCA-IA.pdf
INFO:root:--------------------------
INFO:root:Error al verificar el documento PDF: EOF marker not found
INFO:root:El documento Informe de Fiscalización Ambiental_DFZ-2014-179-XIII-RCA-IA.pdf está incompleto o corrupto. Intentando descargar de nuevo...
INFO:root:Documento 'Informe de Fiscalización Ambiental' descargado y procesado.
INFO:root:Error inesperado al buscar el elemento con la palabra exacta 'Informe de Fiscalización Ambiental': Message: no such window: target window already closed
from unknown error: web view not found
  (Session info: chrome=130.0.6723.117)
Stacktrace:
	GetHandleVerifier [0x00007FF6E33238A5+3004357]
	(No symbol) [0x00007FF6E2FB9970]
	(No symbol) [0x00007FF6E2E6582A]
	(No symbol) [0x00007FF6E2E3FA75]
	(No symbol) [0x00007FF6E2EE2C77]
	(No symbol) [0x00007FF6E2EFB351]
	(No symbol) [0x00007FF6E2EDB983]
	(No symbol) [0x00007FF6E2EA7628]
	(No symbol) [0x00007FF6E2EA8791]
	GetHandleVerifier [0x00007FF6E334A00D+3161901]
	GetHandleVerifier [0x00007FF6E339E060+3506048]
	GetHandleVerifier [0x00007FF6E339400D+3465005]
	GetHandleVerifier [0x00007FF6E3110EEB+830987]
	(No symbol) [0x00007FF6E2FC467F]
	(No symbol) [0x00007FF6E2FC09D4]
	(No symbol) [0x00007FF6E2FC0B6D]
	(No symbol) [0x00007FF6E2FB0149]
	BaseThreadInitThunk [0x00007FFEAFCB7374+20]
	RtlUserThreadStart [0x00007FFEB037CC91+33]

INFO:root:CELDA 
INFO:root:Error inesperado al buscar el elemento con la palabra exacta 'Informe de Fiscalización Ambiental': Message: no such window: target window already closed
from unknown error: web view not found
  (Session info: chrome=130.0.6723.117)
Stacktrace:
	GetHandleVerifier [0x00007FF6E33238A5+3004357]
	(No symbol) [0x00007FF6E2FB9970]
	(No symbol) [0x00007FF6E2E6582A]
	(No symbol) [0x00007FF6E2E3FA75]
	(No symbol) [0x00007FF6E2EE2C77]
	(No symbol) [0x00007FF6E2EFB351]
	(No symbol) [0x00007FF6E2EDB983]
	(No symbol) [0x00007FF6E2EA7628]
	(No symbol) [0x00007FF6E2EA8791]
	GetHandleVerifier [0x00007FF6E334A00D+3161901]
	GetHandleVerifier [0x00007FF6E339E060+3506048]
	GetHandleVerifier [0x00007FF6E339400D+3465005]
	GetHandleVerifier [0x00007FF6E3110EEB+830987]
	(No symbol) [0x00007FF6E2FC467F]
	(No symbol) [0x00007FF6E2FC09D4]
	(No symbol) [0x00007FF6E2FC0B6D]
	(No symbol) [0x00007FF6E2FB0149]
	BaseThreadInitThunk [0x00007FFEAFCB7374+20]
	RtlUserThreadStart [0x00007FFEB037CC91+33]

INFO:root:CELDA 
INFO:root:Error inesperado al buscar el elemento con la palabra exacta 'Informe de Fiscalización Ambiental': Message: no such window: target window already closed
from unknown error: web view not found
  (Session info: chrome=130.0.6723.117)
Stacktrace:
	GetHandleVerifier [0x00007FF6E33238A5+3004357]
	(No symbol) [0x00007FF6E2FB9970]
	(No symbol) [0x00007FF6E2E6582A]
	(No symbol) [0x00007FF6E2E3FA75]
	(No symbol) [0x00007FF6E2EE2C77]
	(No symbol) [0x00007FF6E2EFB351]
	(No symbol) [0x00007FF6E2EDB983]
	(No symbol) [0x00007FF6E2EA7628]
	(No symbol) [0x00007FF6E2EA8791]
	GetHandleVerifier [0x00007FF6E334A00D+3161901]
	GetHandleVerifier [0x00007FF6E339E060+3506048]
	GetHandleVerifier [0x00007FF6E339400D+3465005]
	GetHandleVerifier [0x00007FF6E3110EEB+830987]
	(No symbol) [0x00007FF6E2FC467F]
	(No symbol) [0x00007FF6E2FC09D4]
	(No symbol) [0x00007FF6E2FC0B6D]
	(No symbol) [0x00007FF6E2FB0149]
	BaseThreadInitThunk [0x00007FFEAFCB7374+20]
	RtlUserThreadStart [0x00007FFEB037CC91+33]

INFO:root:CELDA 
INFO:root:Error inesperado al buscar el elemento con la palabra exacta 'Informe de Fiscalización Ambiental': Message: no such window: target window already closed
from unknown error: web view not found
  (Session info: chrome=130.0.6723.117)
Stacktrace:
	GetHandleVerifier [0x00007FF6E33238A5+3004357]
	(No symbol) [0x00007FF6E2FB9970]
	(No symbol) [0x00007FF6E2E6582A]
	(No symbol) [0x00007FF6E2E3FA75]
	(No symbol) [0x00007FF6E2EE2C77]
	(No symbol) [0x00007FF6E2EFB351]
	(No symbol) [0x00007FF6E2EDB983]
	(No symbol) [0x00007FF6E2EA7628]
	(No symbol) [0x00007FF6E2EA8791]
	GetHandleVerifier [0x00007FF6E334A00D+3161901]
	GetHandleVerifier [0x00007FF6E339E060+3506048]
	GetHandleVerifier [0x00007FF6E339400D+3465005]
	GetHandleVerifier [0x00007FF6E3110EEB+830987]
	(No symbol) [0x00007FF6E2FC467F]
	(No symbol) [0x00007FF6E2FC09D4]
	(No symbol) [0x00007FF6E2FC0B6D]
	(No symbol) [0x00007FF6E2FB0149]
	BaseThreadInitThunk [0x00007FFEAFCB7374+20]
	RtlUserThreadStart [0x00007FFEB037CC91+33]

INFO:root:CELDA 
INFO:root:Error inesperado al buscar el elemento con la palabra exacta 'Informe de Fiscalización Ambiental': Message: no such window: target window already closed
from unknown error: web view not found
  (Session info: chrome=130.0.6723.117)
Stacktrace:
	GetHandleVerifier [0x00007FF6E33238A5+3004357]
	(No symbol) [0x00007FF6E2FB9970]
	(No symbol) [0x00007FF6E2E6582A]
	(No symbol) [0x00007FF6E2E3FA75]
	(No symbol) [0x00007FF6E2EE2C77]
	(No symbol) [0x00007FF6E2EFB351]
	(No symbol) [0x00007FF6E2EDB983]
	(No symbol) [0x00007FF6E2EA7628]
	(No symbol) [0x00007FF6E2EA8791]
	GetHandleVerifier [0x00007FF6E334A00D+3161901]
	GetHandleVerifier [0x00007FF6E339E060+3506048]
	GetHandleVerifier [0x00007FF6E339400D+3465005]
	GetHandleVerifier [0x00007FF6E3110EEB+830987]
	(No symbol) [0x00007FF6E2FC467F]
	(No symbol) [0x00007FF6E2FC09D4]
	(No symbol) [0x00007FF6E2FC0B6D]
	(No symbol) [0x00007FF6E2FB0149]
	BaseThreadInitThunk [0x00007FFEAFCB7374+20]
	RtlUserThreadStart [0x00007FFEB037CC91+33]

INFO:root:CELDA 
INFO:root:Error inesperado al buscar el elemento con la palabra exacta 'Informe de Fiscalización Ambiental': Message: no such window: target window already closed
from unknown error: web view not found
  (Session info: chrome=130.0.6723.117)
Stacktrace:
	GetHandleVerifier [0x00007FF6E33238A5+3004357]
	(No symbol) [0x00007FF6E2FB9970]
	(No symbol) [0x00007FF6E2E6582A]
	(No symbol) [0x00007FF6E2E3FA75]
	(No symbol) [0x00007FF6E2EE2C77]
	(No symbol) [0x00007FF6E2EFB351]
	(No symbol) [0x00007FF6E2EDB983]
	(No symbol) [0x00007FF6E2EA7628]
	(No symbol) [0x00007FF6E2EA8791]
	GetHandleVerifier [0x00007FF6E334A00D+3161901]
	GetHandleVerifier [0x00007FF6E339E060+3506048]
	GetHandleVerifier [0x00007FF6E339400D+3465005]
	GetHandleVerifier [0x00007FF6E3110EEB+830987]
	(No symbol) [0x00007FF6E2FC467F]
	(No symbol) [0x00007FF6E2FC09D4]
	(No symbol) [0x00007FF6E2FC0B6D]
	(No symbol) [0x00007FF6E2FB0149]
	BaseThreadInitThunk [0x00007FFEAFCB7374+20]
	RtlUserThreadStart [0x00007FFEB037CC91+33]

INFO:root:CELDA 
INFO:root:La ventana del navegador se cerró inesperadamente durante el procesamiento de filas.
INFO:root:Terminando scraping.
INFO:root:***************************************
